// Vitest Snapshot v1

exports[`Button > renders a vue instance 1`] = `"<button class=\\"p-3 rounded-sm hover:bg-green-50 hover:shadow-md hover:shadow-gray-400 active:shadow-sm active:bg-green-800 transition-colors transition-shadows duration-500 ease-linear bg-blue-500 bg-gray-300\\"></button>"`;
